Build started 2/16/2026 12:50:02 PM.
     1>Project "E:\github\IssueTracker\tests\Architecture.Tests\Architecture.Tests.csproj" on node 1 (Restore target(s)).
     1>_GetAllRestoreProjectPathItems:
         Determining projects to restore...
     1>Project "E:\github\IssueTracker\tests\Architecture.Tests\Architecture.Tests.csproj" (1) is building "E:\github\IssueTracker\src\UI\IssueTracker.UI\IssueTracker.UI.csproj" (7:5) on node 3 (_GenerateProjectRestoreGraph target(s)).
     7>AddPrunePackageReferences:
         Loading prune package data from PrunePackageData folder
         Failed to load prune package data from PrunePackageData folder, loading from targeting packs instead
     1>Project "E:\github\IssueTracker\tests\Architecture.Tests\Architecture.Tests.csproj" (1) is building "E:\github\IssueTracker\src\AppHost\AppHost.csproj" (2:4) on node 1 (_GenerateProjectRestoreGraph target(s)).
     2>AddPrunePackageReferences:
         Loading prune package data from PrunePackageData folder
         Failed to load prune package data from PrunePackageData folder, loading from targeting packs instead
         Looking for targeting packs in C:\Program Files\dotnet\packs\Microsoft.NETCore.App.Ref
     7>AddPrunePackageReferences:
         Looking for targeting packs in C:\Program Files\dotnet\packs\Microsoft.NETCore.App.Ref
     2>AddPrunePackageReferences:
         Pack directories found: C:\Program Files\dotnet\packs\Microsoft.NETCore.App.Ref\10.0.2
         C:\Program Files\dotnet\packs\Microsoft.NETCore.App.Ref\10.0.3
     7>AddPrunePackageReferences:
         Pack directories found: C:\Program Files\dotnet\packs\Microsoft.NETCore.App.Ref\10.0.2
         C:\Program Files\dotnet\packs\Microsoft.NETCore.App.Ref\10.0.3
     1>Project "E:\github\IssueTracker\tests\Architecture.Tests\Architecture.Tests.csproj" (1) is building "E:\github\IssueTracker\src\CoreBusiness\IssueTracker.CoreBusiness\IssueTracker.CoreBusiness.csproj" (6:8) on node 6 (_GenerateProjectRestoreGraph target(s)).
     6>AddPrunePackageReferences:
         Loading prune package data from PrunePackageData folder
         Failed to load prune package data from PrunePackageData folder, loading from targeting packs instead
     1>Project "E:\github\IssueTracker\tests\Architecture.Tests\Architecture.Tests.csproj" (1) is building "E:\github\IssueTracker\src\ServiceDefaults\ServiceDefaults.csproj" (4:4) on node 4 (_GenerateProjectRestoreGraph target(s)).
     4>AddPrunePackageReferences:
         Loading prune package data from PrunePackageData folder
         Failed to load prune package data from PrunePackageData folder, loading from targeting packs instead
     1>Project "E:\github\IssueTracker\tests\Architecture.Tests\Architecture.Tests.csproj" (1) is building "E:\github\IssueTracker\src\PlugIns\IssueTracker.PlugIns\IssueTracker.PlugIns.csproj" (3:6) on node 5 (_GenerateProjectRestoreGraph target(s)).
     3>AddPrunePackageReferences:
         Loading prune package data from PrunePackageData folder
         Failed to load prune package data from PrunePackageData folder, loading from targeting packs instead
     6>AddPrunePackageReferences:
         Looking for targeting packs in C:\Program Files\dotnet\packs\Microsoft.NETCore.App.Ref
     7>AddPrunePackageReferences:
         Found package overrides file C:\Program Files\dotnet\packs\Microsoft.NETCore.App.Ref\10.0.3\data\PackageOverrides.txt
     2>AddPrunePackageReferences:
         Found package overrides file C:\Program Files\dotnet\packs\Microsoft.NETCore.App.Ref\10.0.3\data\PackageOverrides.txt
     6>AddPrunePackageReferences:
         Pack directories found: C:\Program Files\dotnet\packs\Microsoft.NETCore.App.Ref\10.0.2
         C:\Program Files\dotnet\packs\Microsoft.NETCore.App.Ref\10.0.3
     2>AddPrunePackageReferences:
         Loading prune package data from PrunePackageData folder
         Failed to load prune package data from PrunePackageData folder, loading from targeting packs instead
         Looking for targeting packs in C:\Program Files\dotnet\packs\Microsoft.AspNetCore.App.Ref
         Pack directories found: C:\Program Files\dotnet\packs\Microsoft.AspNetCore.App.Ref\10.0.2
         C:\Program Files\dotnet\packs\Microsoft.AspNetCore.App.Ref\10.0.3
     3>AddPrunePackageReferences:
         Looking for targeting packs in C:\Program Files\dotnet\packs\Microsoft.NETCore.App.Ref
     4>AddPrunePackageReferences:
         Looking for targeting packs in C:\Program Files\dotnet\packs\Microsoft.NETCore.App.Ref
     2>AddPrunePackageReferences:
         Found package overrides file C:\Program Files\dotnet\packs\Microsoft.AspNetCore.App.Ref\10.0.3\data\PackageOverrides.txt
     4>AddPrunePackageReferences:
         Pack directories found: C:\Program Files\dotnet\packs\Microsoft.NETCore.App.Ref\10.0.2
         C:\Program Files\dotnet\packs\Microsoft.NETCore.App.Ref\10.0.3
     3>AddPrunePackageReferences:
         Pack directories found: C:\Program Files\dotnet\packs\Microsoft.NETCore.App.Ref\10.0.2
         C:\Program Files\dotnet\packs\Microsoft.NETCore.App.Ref\10.0.3
     6>AddPrunePackageReferences:
         Found package overrides file C:\Program Files\dotnet\packs\Microsoft.NETCore.App.Ref\10.0.3\data\PackageOverrides.txt
     4>AddPrunePackageReferences:
         Found package overrides file C:\Program Files\dotnet\packs\Microsoft.NETCore.App.Ref\10.0.3\data\PackageOverrides.txt
     3>AddPrunePackageReferences:
         Found package overrides file C:\Program Files\dotnet\packs\Microsoft.NETCore.App.Ref\10.0.3\data\PackageOverrides.txt
     1>Project "E:\github\IssueTracker\tests\Architecture.Tests\Architecture.Tests.csproj" (1) is building "E:\github\IssueTracker\src\Services\IssueTracker.Services\IssueTracker.Services.csproj" (5:6) on node 2 (_GenerateProjectRestoreGraph target(s)).
     5>AddPrunePackageReferences:
         Loading prune package data from PrunePackageData folder
         Failed to load prune package data from PrunePackageData folder, loading from targeting packs instead
         Looking for targeting packs in C:\Program Files\dotnet\packs\Microsoft.NETCore.App.Ref
         Pack directories found: C:\Program Files\dotnet\packs\Microsoft.NETCore.App.Ref\10.0.2
         C:\Program Files\dotnet\packs\Microsoft.NETCore.App.Ref\10.0.3
         Found package overrides file C:\Program Files\dotnet\packs\Microsoft.NETCore.App.Ref\10.0.3\data\PackageOverrides.txt
     6>Done Building Project "E:\github\IssueTracker\src\CoreBusiness\IssueTracker.CoreBusiness\IssueTracker.CoreBusiness.csproj" (_GenerateProjectRestoreGraph target(s)).
     4>Done Building Project "E:\github\IssueTracker\src\ServiceDefaults\ServiceDefaults.csproj" (_GenerateProjectRestoreGraph target(s)).
     2>Done Building Project "E:\github\IssueTracker\src\AppHost\AppHost.csproj" (_GenerateProjectRestoreGraph target(s)).
     3>Done Building Project "E:\github\IssueTracker\src\PlugIns\IssueTracker.PlugIns\IssueTracker.PlugIns.csproj" (_GenerateProjectRestoreGraph target(s)).
     5>Done Building Project "E:\github\IssueTracker\src\Services\IssueTracker.Services\IssueTracker.Services.csproj" (_GenerateProjectRestoreGraph target(s)).
     1>Project "E:\github\IssueTracker\tests\Architecture.Tests\Architecture.Tests.csproj" (1) is building "E:\github\IssueTracker\tests\Architecture.Tests\Architecture.Tests.csproj" (1:6) on node 1 (_GenerateProjectRestoreGraph target(s)).
     1>AddPrunePackageReferences:
         Loading prune package data from PrunePackageData folder
         Failed to load prune package data from PrunePackageData folder, loading from targeting packs instead
         Looking for targeting packs in C:\Program Files\dotnet\packs\Microsoft.NETCore.App.Ref
         Pack directories found: C:\Program Files\dotnet\packs\Microsoft.NETCore.App.Ref\10.0.2
         C:\Program Files\dotnet\packs\Microsoft.NETCore.App.Ref\10.0.3
         Found package overrides file C:\Program Files\dotnet\packs\Microsoft.NETCore.App.Ref\10.0.3\data\PackageOverrides.txt
     7>AddPrunePackageReferences:
         Loading prune package data from PrunePackageData folder
         Failed to load prune package data from PrunePackageData folder, loading from targeting packs instead
         Looking for targeting packs in C:\Program Files\dotnet\packs\Microsoft.AspNetCore.App.Ref
         Pack directories found: C:\Program Files\dotnet\packs\Microsoft.AspNetCore.App.Ref\10.0.2
         C:\Program Files\dotnet\packs\Microsoft.AspNetCore.App.Ref\10.0.3
         Found package overrides file C:\Program Files\dotnet\packs\Microsoft.AspNetCore.App.Ref\10.0.3\data\PackageOverrides.txt
     1>Done Building Project "E:\github\IssueTracker\tests\Architecture.Tests\Architecture.Tests.csproj" (_GenerateProjectRestoreGraph target(s)).
     7>Done Building Project "E:\github\IssueTracker\src\UI\IssueTracker.UI\IssueTracker.UI.csproj" (_GenerateProjectRestoreGraph target(s)).
     1>Restore:
         X.509 certificate chain validation will use the default trust store selected by .NET for code signing.
         X.509 certificate chain validation will use the default trust store selected by .NET for timestamping.
         Assets file has not changed. Skipping assets file writing. Path: E:\github\IssueTracker\tests\Architecture.Tests\obj\project.assets.json
         Assets file has not changed. Skipping assets file writing. Path: E:\github\IssueTracker\src\AppHost\obj\project.assets.json
         Assets file has not changed. Skipping assets file writing. Path: E:\github\IssueTracker\src\CoreBusiness\IssueTracker.CoreBusiness\obj\project.assets.json
         Assets file has not changed. Skipping assets file writing. Path: E:\github\IssueTracker\src\ServiceDefaults\obj\project.assets.json
         Assets file has not changed. Skipping assets file writing. Path: E:\github\IssueTracker\src\UI\IssueTracker.UI\obj\project.assets.json
         Assets file has not changed. Skipping assets file writing. Path: E:\github\IssueTracker\src\PlugIns\IssueTracker.PlugIns\obj\project.assets.json
         Assets file has not changed. Skipping assets file writing. Path: E:\github\IssueTracker\src\Services\IssueTracker.Services\obj\project.assets.json
         Restored E:\github\IssueTracker\src\UI\IssueTracker.UI\IssueTracker.UI.csproj (in 210 ms).
         Restored E:\github\IssueTracker\src\CoreBusiness\IssueTracker.CoreBusiness\IssueTracker.CoreBusiness.csproj (in 209 ms).
         Restored E:\github\IssueTracker\src\AppHost\AppHost.csproj (in 209 ms).
         Restored E:\github\IssueTracker\src\PlugIns\IssueTracker.PlugIns\IssueTracker.PlugIns.csproj (in 210 ms).
         Restored E:\github\IssueTracker\src\Services\IssueTracker.Services\IssueTracker.Services.csproj (in 209 ms).
         Restored E:\github\IssueTracker\src\ServiceDefaults\ServiceDefaults.csproj (in 210 ms).
         Restored E:\github\IssueTracker\tests\Architecture.Tests\Architecture.Tests.csproj (in 209 ms).
         
         NuGet Config files used:
             C:\Users\teqsl\AppData\Roaming\NuGet\NuGet.Config
             C:\Program Files (x86)\NuGet\Config\Microsoft.VisualStudio.FallbackLocation.config
             C:\Program Files (x86)\NuGet\Config\Microsoft.VisualStudio.Offline.config
         
         Feeds used:
             https://api.nuget.org/v3/index.json
             C:\Program Files\dotnet\library-packs
         All projects are up-to-date for restore.
     1>Done Building Project "E:\github\IssueTracker\tests\Architecture.Tests\Architecture.Tests.csproj" (Restore target(s)).
   1:7>Project "E:\github\IssueTracker\tests\Architecture.Tests\Architecture.Tests.csproj" on node 4 (VSTest target(s)).
     1>BuildProject:
         Build started, please wait...
   1:7>Project "E:\github\IssueTracker\tests\Architecture.Tests\Architecture.Tests.csproj" (1:7) is building "E:\github\IssueTracker\tests\Architecture.Tests\Architecture.Tests.csproj" (1:8) on node 4 (default targets).
   1:8>Project "E:\github\IssueTracker\tests\Architecture.Tests\Architecture.Tests.csproj" (1:8) is building "E:\github\IssueTracker\src\CoreBusiness\IssueTracker.CoreBusiness\IssueTracker.CoreBusiness.csproj" (6:10) on node 2 (default targets).
     6>GenerateTargetFrameworkMonikerAttribute:
       Skipping target "GenerateTargetFrameworkMonikerAttribute" because all output files are up-to-date with respect to the input files.
   1:8>Project "E:\github\IssueTracker\tests\Architecture.Tests\Architecture.Tests.csproj" (1:8) is building "E:\github\IssueTracker\src\ServiceDefaults\ServiceDefaults.csproj" (4:6) on node 5 (default targets).
     4>GenerateTargetFrameworkMonikerAttribute:
       Skipping target "GenerateTargetFrameworkMonikerAttribute" because all output files are up-to-date with respect to the input files.
       CoreGenerateAssemblyInfo:
       Skipping target "CoreGenerateAssemblyInfo" because all output files are up-to-date with respect to the input files.
     6>CoreGenerateAssemblyInfo:
       Skipping target "CoreGenerateAssemblyInfo" because all output files are up-to-date with respect to the input files.
     4>_GenerateSourceLinkFile:
         Source Link file 'obj\Debug\net10.0\ServiceDefaults.sourcelink.json' is up-to-date.
     6>_GenerateSourceLinkFile:
         Source Link file 'obj\Debug\net10.0\IssueTracker.CoreBusiness.sourcelink.json' is up-to-date.
     4>CoreCompile:
       Skipping target "CoreCompile" because all output files are up-to-date with respect to the input files.
     6>CoreCompile:
       Skipping target "CoreCompile" because all output files are up-to-date with respect to the input files.
     4>GenerateBuildDependencyFile:
       Skipping target "GenerateBuildDependencyFile" because all output files are up-to-date with respect to the input files.
     6>GenerateBuildDependencyFile:
       Skipping target "GenerateBuildDependencyFile" because all output files are up-to-date with respect to the input files.
     4>CopyFilesToOutputDirectory:
         ServiceDefaults -> E:\github\IssueTracker\src\ServiceDefaults\bin\Debug\net10.0\ServiceDefaults.dll
     6>CopyFilesToOutputDirectory:
         IssueTracker.CoreBusiness -> E:\github\IssueTracker\src\CoreBusiness\IssueTracker.CoreBusiness\bin\Debug\net10.0\IssueTracker.CoreBusiness.dll
     4>Done Building Project "E:\github\IssueTracker\src\ServiceDefaults\ServiceDefaults.csproj" (default targets).
     6>Done Building Project "E:\github\IssueTracker\src\CoreBusiness\IssueTracker.CoreBusiness\IssueTracker.CoreBusiness.csproj" (default targets).
   1:8>Project "E:\github\IssueTracker\tests\Architecture.Tests\Architecture.Tests.csproj" (1:8) is building "E:\github\IssueTracker\src\Services\IssueTracker.Services\IssueTracker.Services.csproj" (5:8) on node 4 (default targets).
     5>GenerateTargetFrameworkMonikerAttribute:
       Skipping target "GenerateTargetFrameworkMonikerAttribute" because all output files are up-to-date with respect to the input files.
       CoreGenerateAssemblyInfo:
       Skipping target "CoreGenerateAssemblyInfo" because all output files are up-to-date with respect to the input files.
       _GenerateSourceLinkFile:
         Source Link file 'obj\Debug\net10.0\IssueTracker.Services.sourcelink.json' is up-to-date.
       CoreCompile:
       Skipping target "CoreCompile" because all output files are up-to-date with respect to the input files.
       GenerateBuildDependencyFile:
       Skipping target "GenerateBuildDependencyFile" because all output files are up-to-date with respect to the input files.
       CopyFilesToOutputDirectory:
         IssueTracker.Services -> E:\github\IssueTracker\src\Services\IssueTracker.Services\bin\Debug\net10.0\IssueTracker.Services.dll
     5>Done Building Project "E:\github\IssueTracker\src\Services\IssueTracker.Services\IssueTracker.Services.csproj" (default targets).
   1:8>Project "E:\github\IssueTracker\tests\Architecture.Tests\Architecture.Tests.csproj" (1:8) is building "E:\github\IssueTracker\src\PlugIns\IssueTracker.PlugIns\IssueTracker.PlugIns.csproj" (3:8) on node 3 (default targets).
     3>GenerateTargetFrameworkMonikerAttribute:
       Skipping target "GenerateTargetFrameworkMonikerAttribute" because all output files are up-to-date with respect to the input files.
       CoreGenerateAssemblyInfo:
       Skipping target "CoreGenerateAssemblyInfo" because all output files are up-to-date with respect to the input files.
       _GenerateSourceLinkFile:
         Source Link file 'obj\Debug\net10.0\IssueTracker.PlugIns.sourcelink.json' is up-to-date.
       CoreCompile:
       Skipping target "CoreCompile" because all output files are up-to-date with respect to the input files.
       GenerateBuildDependencyFile:
       Skipping target "GenerateBuildDependencyFile" because all output files are up-to-date with respect to the input files.
       CopyFilesToOutputDirectory:
         IssueTracker.PlugIns -> E:\github\IssueTracker\src\PlugIns\IssueTracker.PlugIns\bin\Debug\net10.0\IssueTracker.PlugIns.dll
     3>Done Building Project "E:\github\IssueTracker\src\PlugIns\IssueTracker.PlugIns\IssueTracker.PlugIns.csproj" (default targets).
   1:8>Project "E:\github\IssueTracker\tests\Architecture.Tests\Architecture.Tests.csproj" (1:8) is building "E:\github\IssueTracker\src\UI\IssueTracker.UI\IssueTracker.UI.csproj" (7:7) on node 1 (default targets).
     7>GenerateTargetFrameworkMonikerAttribute:
       Skipping target "GenerateTargetFrameworkMonikerAttribute" because all output files are up-to-date with respect to the input files.
       CoreGenerateAssemblyInfo:
       Skipping target "CoreGenerateAssemblyInfo" because all output files are up-to-date with respect to the input files.
       _DiscoverMvcApplicationParts:
       Skipping target "_DiscoverMvcApplicationParts" because all output files are up-to-date with respect to the input files.
       _CoreGenerateRazorAssemblyInfo:
       Skipping target "_CoreGenerateRazorAssemblyInfo" because all output files are up-to-date with respect to the input files.
       _GenerateSourceLinkFile:
         Source Link file 'obj\Debug\net10.0\IssueTracker.UI.sourcelink.json' is up-to-date.
       CoreCompile:
       Skipping target "CoreCompile" because all output files are up-to-date with respect to the input files.
       _CreateAppHost:
       Skipping target "_CreateAppHost" because all output files are up-to-date with respect to the input files.
       _ProcessScopedCssFiles:
       Skipping target "_ProcessScopedCssFiles" because all output files are up-to-date with respect to the input files.
       ResolveBuildCompressedStaticWebAssetsConfiguration:
         Accepted compressed asset 'E:\github\IssueTracker\src\UI\IssueTracker.UI\obj\Debug\net10.0\compressed\c1kki6wrpy-{0}-3qojkf4kj4-3qojkf4kj4.gz' for 'E:\teqsl\.nuget\packages\radzen.blazor\7.3.2\staticwebassets\css\dark.css'.
         Accepted compressed asset 'E:\github\IssueTracker\src\UI\IssueTracker.UI\obj\Debug\net10.0\compressed\13w5d5gf1p-{0}-gtdkcacrne-gtdkcacrne.gz' for 'E:\teqsl\.nuget\packages\radzen.blazor\7.3.2\staticwebassets\css\dark-base.css'.
         Accepted compressed asset 'E:\github\IssueTracker\src\UI\IssueTracker.UI\obj\Debug\net10.0\compressed\t8kfz0jwhf-{0}-hcyfjztfqi-hcyfjztfqi.gz' for 'E:\teqsl\.nuget\packages\radzen.blazor\7.3.2\staticwebassets\css\dark-wcag.css'.
         Accepted compressed asset 'E:\github\IssueTracker\src\UI\IssueTracker.UI\obj\Debug\net10.0\compressed\e8lwkmfe8l-{0}-kt5bewsrsi-kt5bewsrsi.gz' for 'E:\teqsl\.nuget\packages\radzen.blazor\7.3.2\staticwebassets\css\default.css'.
         Accepted compressed asset 'E:\github\IssueTracker\src\UI\IssueTracker.UI\obj\Debug\net10.0\compressed\o7ej72sj20-{0}-ixubr9x5ir-ixubr9x5ir.gz' for 'E:\teqsl\.nuget\packages\radzen.blazor\7.3.2\staticwebassets\css\default-base.css'.
         Accepted compressed asset 'E:\github\IssueTracker\src\UI\IssueTracker.UI\obj\Debug\net10.0\compressed\puhzzxxpds-{0}-796b73bq82-796b73bq82.gz' for 'E:\teqsl\.nuget\packages\radzen.blazor\7.3.2\staticwebassets\css\default-wcag.css'.
         Accepted compressed asset 'E:\github\IssueTracker\src\UI\IssueTracker.UI\obj\Debug\net10.0\compressed\vp43n8brm6-{0}-u2vjpqarzi-u2vjpqarzi.gz' for 'E:\teqsl\.nuget\packages\radzen.blazor\7.3.2\staticwebassets\css\humanistic.css'.
         Accepted compressed asset 'E:\github\IssueTracker\src\UI\IssueTracker.UI\obj\Debug\net10.0\compressed\3mkt4spddn-{0}-u4q04qmt9u-u4q04qmt9u.gz' for 'E:\teqsl\.nuget\packages\radzen.blazor\7.3.2\staticwebassets\css\humanistic-base.css'.
         Accepted compressed asset 'E:\github\IssueTracker\src\UI\IssueTracker.UI\obj\Debug\net10.0\compressed\6o9s175gvo-{0}-q3wen5nb7o-q3wen5nb7o.gz' for 'E:\teqsl\.nuget\packages\radzen.blazor\7.3.2\staticwebassets\css\humanistic-dark.css'.
         Accepted compressed asset 'E:\github\IssueTracker\src\UI\IssueTracker.UI\obj\Debug\net10.0\compressed\1i7dq2ynh3-{0}-8t46ltlsa8-8t46ltlsa8.gz' for 'E:\teqsl\.nuget\packages\radzen.blazor\7.3.2\staticwebassets\css\humanistic-dark-base.css'.
         Accepted compressed asset 'E:\github\IssueTracker\src\UI\IssueTracker.UI\obj\Debug\net10.0\compressed\tpbz3kwmi1-{0}-ga4l0q48yz-ga4l0q48yz.gz' for 'E:\teqsl\.nuget\packages\radzen.blazor\7.3.2\staticwebassets\css\humanistic-dark-wcag.css'.
         Accepted compressed asset 'E:\github\IssueTracker\src\UI\IssueTracker.UI\obj\Debug\net10.0\compressed\lajis6h9q2-{0}-x6merli1rk-x6merli1rk.gz' for 'E:\teqsl\.nuget\packages\radzen.blazor\7.3.2\staticwebassets\css\humanistic-wcag.css'.
         Accepted compressed asset 'E:\github\IssueTracker\src\UI\IssueTracker.UI\obj\Debug\net10.0\compressed\ljz8shcmxy-{0}-67pzas1gr6-67pzas1gr6.gz' for 'E:\teqsl\.nuget\packages\radzen.blazor\7.3.2\staticwebassets\css\material.css'.
         Accepted compressed asset 'E:\github\IssueTracker\src\UI\IssueTracker.UI\obj\Debug\net10.0\compressed\hhff85vxhh-{0}-d3sdmeizkj-d3sdmeizkj.gz' for 'E:\teqsl\.nuget\packages\radzen.blazor\7.3.2\staticwebassets\css\material-base.css'.
         Accepted compressed asset 'E:\github\IssueTracker\src\UI\IssueTracker.UI\obj\Debug\net10.0\compressed\umq7d7hlv3-{0}-jk5zm3f7xm-jk5zm3f7xm.gz' for 'E:\teqsl\.nuget\packages\radzen.blazor\7.3.2\staticwebassets\css\material-dark.css'.
         Accepted compressed asset 'E:\github\IssueTracker\src\UI\IssueTracker.UI\obj\Debug\net10.0\compressed\tk49g4xv5u-{0}-eojyebxob9-eojyebxob9.gz' for 'E:\teqsl\.nuget\packages\radzen.blazor\7.3.2\staticwebassets\css\material-dark-base.css'.
         Accepted compressed asset 'E:\github\IssueTracker\src\UI\IssueTracker.UI\obj\Debug\net10.0\compressed\s9otf05z8q-{0}-22pb44itlf-22pb44itlf.gz' for 'E:\teqsl\.nuget\packages\radzen.blazor\7.3.2\staticwebassets\css\material-dark-wcag.css'.
         Accepted compressed asset 'E:\github\IssueTracker\src\UI\IssueTracker.UI\obj\Debug\net10.0\compressed\fp7uetamp1-{0}-pblx1qaqft-pblx1qaqft.gz' for 'E:\teqsl\.nuget\packages\radzen.blazor\7.3.2\staticwebassets\css\material-wcag.css'.
         Accepted compressed asset 'E:\github\IssueTracker\src\UI\IssueTracker.UI\obj\Debug\net10.0\compressed\l647vub447-{0}-dlszvg16vp-dlszvg16vp.gz' for 'E:\teqsl\.nuget\packages\radzen.blazor\7.3.2\staticwebassets\css\math.css'.
         Accepted compressed asset 'E:\github\IssueTracker\src\UI\IssueTracker.UI\obj\Debug\net10.0\compressed\4d1o7blez5-{0}-vcmu52prus-vcmu52prus.gz' for 'E:\teqsl\.nuget\packages\radzen.blazor\7.3.2\staticwebassets\css\software.css'.
         Accepted compressed asset 'E:\github\IssueTracker\src\UI\IssueTracker.UI\obj\Debug\net10.0\compressed\iziymon70z-{0}-5i6ps0rosc-5i6ps0rosc.gz' for 'E:\teqsl\.nuget\packages\radzen.blazor\7.3.2\staticwebassets\css\software-base.css'.
         Accepted compressed asset 'E:\github\IssueTracker\src\UI\IssueTracker.UI\obj\Debug\net10.0\compressed\gkqy78lw9w-{0}-xdt6q2jvwb-xdt6q2jvwb.gz' for 'E:\teqsl\.nuget\packages\radzen.blazor\7.3.2\staticwebassets\css\software-dark.css'.
         Accepted compressed asset 'E:\github\IssueTracker\src\UI\IssueTracker.UI\obj\Debug\net10.0\compressed\63oc1n27oy-{0}-kphlb6w2sr-kphlb6w2sr.gz' for 'E:\teqsl\.nuget\packages\radzen.blazor\7.3.2\staticwebassets\css\software-dark-base.css'.
         Accepted compressed asset 'E:\github\IssueTracker\src\UI\IssueTracker.UI\obj\Debug\net10.0\compressed\hzxay3wjwu-{0}-c3ehngmwzo-c3ehngmwzo.gz' for 'E:\teqsl\.nuget\packages\radzen.blazor\7.3.2\staticwebassets\css\software-dark-wcag.css'.
         Accepted compressed asset 'E:\github\IssueTracker\src\UI\IssueTracker.UI\obj\Debug\net10.0\compressed\4tfzvf9qks-{0}-9fpk6led9e-9fpk6led9e.gz' for 'E:\teqsl\.nuget\packages\radzen.blazor\7.3.2\staticwebassets\css\software-wcag.css'.
         Accepted compressed asset 'E:\github\IssueTracker\src\UI\IssueTracker.UI\obj\Debug\net10.0\compressed\pzoc9euazt-{0}-gwy5aq4vee-gwy5aq4vee.gz' for 'E:\teqsl\.nuget\packages\radzen.blazor\7.3.2\staticwebassets\css\standard.css'.
         Accepted compressed asset 'E:\github\IssueTracker\src\UI\IssueTracker.UI\obj\Debug\net10.0\compressed\a9qr3lfjcz-{0}-uro21o3h9i-uro21o3h9i.gz' for 'E:\teqsl\.nuget\packages\radzen.blazor\7.3.2\staticwebassets\css\standard-base.css'.
         Accepted compressed asset 'E:\github\IssueTracker\src\UI\IssueTracker.UI\obj\Debug\net10.0\compressed\6crp8u0vy1-{0}-di8r2dbcua-di8r2dbcua.gz' for 'E:\teqsl\.nuget\packages\radzen.blazor\7.3.2\staticwebassets\css\standard-dark.css'.
         Accepted compressed asset 'E:\github\IssueTracker\src\UI\IssueTracker.UI\obj\Debug\net10.0\compressed\tyl999z8ld-{0}-4mha01j154-4mha01j154.gz' for 'E:\teqsl\.nuget\packages\radzen.blazor\7.3.2\staticwebassets\css\standard-dark-base.css'.
         Accepted compressed asset 'E:\github\IssueTracker\src\UI\IssueTracker.UI\obj\Debug\net10.0\compressed\r9w1mufl9l-{0}-7bt2cgjiuc-7bt2cgjiuc.gz' for 'E:\teqsl\.nuget\packages\radzen.blazor\7.3.2\staticwebassets\css\standard-dark-wcag.css'.
         Accepted compressed asset 'E:\github\IssueTracker\src\UI\IssueTracker.UI\obj\Debug\net10.0\compressed\i1901ftr2x-{0}-kp0ueqs315-kp0ueqs315.gz' for 'E:\teqsl\.nuget\packages\radzen.blazor\7.3.2\staticwebassets\css\standard-wcag.css'.
         Accepted compressed asset 'E:\github\IssueTracker\src\UI\IssueTracker.UI\obj\Debug\net10.0\compressed\6xb9o06z95-{0}-9m4ex6rt0m-9m4ex6rt0m.gz' for 'E:\teqsl\.nuget\packages\radzen.blazor\7.3.2\staticwebassets\Radzen.Blazor.js'.
         Accepted compressed asset 'E:\github\IssueTracker\src\UI\IssueTracker.UI\obj\Debug\net10.0\compressed\t2tvocn0z4-{0}-zc73wystbx-zc73wystbx.gz' for 'E:\teqsl\.nuget\packages\radzen.blazor\7.3.2\staticwebassets\Radzen.Blazor.min.js'.
         Accepted compressed asset 'E:\github\IssueTracker\src\UI\IssueTracker.UI\obj\Debug\net10.0\compressed\cii0y8v3qx-{0}-7o16z5hoe3-7o16z5hoe3.gz' for 'E:\github\IssueTracker\src\UI\IssueTracker.UI\wwwroot\css\bootstrap-overrides.css'.
         Accepted compressed asset 'E:\github\IssueTracker\src\UI\IssueTracker.UI\obj\Debug\net10.0\compressed\ho2smvxme9-{0}-6gzpyzhau4-6gzpyzhau4.gz' for 'E:\github\IssueTracker\src\UI\IssueTracker.UI\wwwroot\css\bootstrap\bootstrap.min.css'.
         Accepted compressed asset 'E:\github\IssueTracker\src\UI\IssueTracker.UI\obj\Debug\net10.0\compressed\1n7ge4ebp9-{0}-8inm30yfxf-8inm30yfxf.gz' for 'E:\github\IssueTracker\src\UI\IssueTracker.UI\wwwroot\css\bootstrap\bootstrap.min.css.map'.
         Accepted compressed asset 'E:\github\IssueTracker\src\UI\IssueTracker.UI\obj\Debug\net10.0\compressed\tx2f2th8ua-{0}-cmapd0fi15-cmapd0fi15.gz' for 'E:\github\IssueTracker\src\UI\IssueTracker.UI\wwwroot\css\open-iconic\font\css\open-iconic-bootstrap.min.css'.
         Accepted compressed asset 'E:\github\IssueTracker\src\UI\IssueTracker.UI\obj\Debug\net10.0\compressed\ci9inrk3mf-{0}-wk8x8xm0ah-wk8x8xm0ah.gz' for 'E:\github\IssueTracker\src\UI\IssueTracker.UI\wwwroot\css\open-iconic\font\fonts\open-iconic.otf'.
         Accepted compressed asset 'E:\github\IssueTracker\src\UI\IssueTracker.UI\obj\Debug\net10.0\compressed\ektsvtfuwz-{0}-9nqenln6t9-9nqenln6t9.gz' for 'E:\github\IssueTracker\src\UI\IssueTracker.UI\wwwroot\css\open-iconic\font\fonts\open-iconic.svg'.
         Accepted compressed asset 'E:\github\IssueTracker\src\UI\IssueTracker.UI\obj\Debug\net10.0\compressed\vv2r2vzgrl-{0}-j4bl9nq21n-j4bl9nq21n.gz' for 'E:\github\IssueTracker\src\UI\IssueTracker.UI\wwwroot\css\open-iconic\README.md'.
         Accepted compressed asset 'E:\github\IssueTracker\src\UI\IssueTracker.UI\obj\Debug\net10.0\compressed\g591orehnw-{0}-iu2dydomg3-iu2dydomg3.gz' for 'E:\github\IssueTracker\src\UI\IssueTracker.UI\wwwroot\css\site.css'.
         Accepted compressed asset 'E:\github\IssueTracker\src\UI\IssueTracker.UI\obj\Debug\net10.0\compressed\bguefezk42-{0}-61n19gt1b8-61n19gt1b8.gz' for 'E:\github\IssueTracker\src\UI\IssueTracker.UI\wwwroot\favicon.ico'.
         Accepted compressed asset 'E:\github\IssueTracker\src\UI\IssueTracker.UI\obj\Debug\net10.0\compressed\1bnpenmm5d-{0}-ax6tuj8tun-ax6tuj8tun.gz' for 'E:\teqsl\.nuget\packages\microsoft.aspnetcore.app.internal.assets\10.0.3\_framework\blazor.web.js'.
         Accepted compressed asset 'E:\github\IssueTracker\src\UI\IssueTracker.UI\obj\Debug\net10.0\compressed\ffsbd099hz-{0}-zr4b1gdhaw-zr4b1gdhaw.gz' for 'E:\teqsl\.nuget\packages\microsoft.aspnetcore.app.internal.assets\10.0.3\_framework\blazor.server.js'.
         Accepted compressed asset 'E:\github\IssueTracker\src\UI\IssueTracker.UI\obj\Debug\net10.0\compressed\4439sqsnwx-{0}-cznkkcjnkf-cznkkcjnkf.gz' for 'E:\github\IssueTracker\src\UI\IssueTracker.UI\obj\Debug\net10.0\scopedcss\bundle\IssueTracker.UI.styles.css'.
         Accepted compressed asset 'E:\github\IssueTracker\src\UI\IssueTracker.UI\obj\Debug\net10.0\compressed\tixlzikscs-{0}-cznkkcjnkf-cznkkcjnkf.gz' for 'E:\github\IssueTracker\src\UI\IssueTracker.UI\obj\Debug\net10.0\scopedcss\projectbundle\IssueTracker.UI.bundle.scp.css'.
         Resolved 46 compressed assets for 46 candidate assets.
       ResolveBuildCompressedStaticWebAssets:
         Processing compressed asset: E:\github\IssueTracker\src\UI\IssueTracker.UI\obj\Debug\net10.0\compressed\tixlzikscs-{0}-cznkkcjnkf-cznkkcjnkf.gz
         Processing compressed asset: E:\github\IssueTracker\src\UI\IssueTracker.UI\obj\Debug\net10.0\compressed\4439sqsnwx-{0}-cznkkcjnkf-cznkkcjnkf.gz
         Processing compressed asset: E:\github\IssueTracker\src\UI\IssueTracker.UI\obj\Debug\net10.0\compressed\ffsbd099hz-{0}-zr4b1gdhaw-zr4b1gdhaw.gz
         Processing compressed asset: E:\github\IssueTracker\src\UI\IssueTracker.UI\obj\Debug\net10.0\compressed\1bnpenmm5d-{0}-ax6tuj8tun-ax6tuj8tun.gz
         Processing compressed asset: E:\github\IssueTracker\src\UI\IssueTracker.UI\obj\Debug\net10.0\compressed\bguefezk42-{0}-61n19gt1b8-61n19gt1b8.gz
         Processing compressed asset: E:\github\IssueTracker\src\UI\IssueTracker.UI\obj\Debug\net10.0\compressed\g591orehnw-{0}-iu2dydomg3-iu2dydomg3.gz
         Processing compressed asset: E:\github\IssueTracker\src\UI\IssueTracker.UI\obj\Debug\net10.0\compressed\vv2r2vzgrl-{0}-j4bl9nq21n-j4bl9nq21n.gz
         Processing compressed asset: E:\github\IssueTracker\src\UI\IssueTracker.UI\obj\Debug\net10.0\compressed\ektsvtfuwz-{0}-9nqenln6t9-9nqenln6t9.gz
         Processing compressed asset: E:\github\IssueTracker\src\UI\IssueTracker.UI\obj\Debug\net10.0\compressed\ci9inrk3mf-{0}-wk8x8xm0ah-wk8x8xm0ah.gz
         Processing compressed asset: E:\github\IssueTracker\src\UI\IssueTracker.UI\obj\Debug\net10.0\compressed\tx2f2th8ua-{0}-cmapd0fi15-cmapd0fi15.gz
         Processing compressed asset: E:\github\IssueTracker\src\UI\IssueTracker.UI\obj\Debug\net10.0\compressed\1n7ge4ebp9-{0}-8inm30yfxf-8inm30yfxf.gz
         Processing compressed asset: E:\github\IssueTracker\src\UI\IssueTracker.UI\obj\Debug\net10.0\compressed\ho2smvxme9-{0}-6gzpyzhau4-6gzpyzhau4.gz
         Processing compressed asset: E:\github\IssueTracker\src\UI\IssueTracker.UI\obj\Debug\net10.0\compressed\cii0y8v3qx-{0}-7o16z5hoe3-7o16z5hoe3.gz
         Processing compressed asset: E:\github\IssueTracker\src\UI\IssueTracker.UI\obj\Debug\net10.0\compressed\t2tvocn0z4-{0}-zc73wystbx-zc73wystbx.gz
         Processing compressed asset: E:\github\IssueTracker\src\UI\IssueTracker.UI\obj\Debug\net10.0\compressed\6xb9o06z95-{0}-9m4ex6rt0m-9m4ex6rt0m.gz
         Processing compressed asset: E:\github\IssueTracker\src\UI\IssueTracker.UI\obj\Debug\net10.0\compressed\i1901ftr2x-{0}-kp0ueqs315-kp0ueqs315.gz
         Processing compressed asset: E:\github\IssueTracker\src\UI\IssueTracker.UI\obj\Debug\net10.0\compressed\r9w1mufl9l-{0}-7bt2cgjiuc-7bt2cgjiuc.gz
         Processing compressed asset: E:\github\IssueTracker\src\UI\IssueTracker.UI\obj\Debug\net10.0\compressed\tyl999z8ld-{0}-4mha01j154-4mha01j154.gz
         Processing compressed asset: E:\github\IssueTracker\src\UI\IssueTracker.UI\obj\Debug\net10.0\compressed\6crp8u0vy1-{0}-di8r2dbcua-di8r2dbcua.gz
         Processing compressed asset: E:\github\IssueTracker\src\UI\IssueTracker.UI\obj\Debug\net10.0\compressed\a9qr3lfjcz-{0}-uro21o3h9i-uro21o3h9i.gz
         Processing compressed asset: E:\github\IssueTracker\src\UI\IssueTracker.UI\obj\Debug\net10.0\compressed\pzoc9euazt-{0}-gwy5aq4vee-gwy5aq4vee.gz
         Processing compressed asset: E:\github\IssueTracker\src\UI\IssueTracker.UI\obj\Debug\net10.0\compressed\4tfzvf9qks-{0}-9fpk6led9e-9fpk6led9e.gz
         Processing compressed asset: E:\github\IssueTracker\src\UI\IssueTracker.UI\obj\Debug\net10.0\compressed\hzxay3wjwu-{0}-c3ehngmwzo-c3ehngmwzo.gz
         Processing compressed asset: E:\github\IssueTracker\src\UI\IssueTracker.UI\obj\Debug\net10.0\compressed\63oc1n27oy-{0}-kphlb6w2sr-kphlb6w2sr.gz
         Processing compressed asset: E:\github\IssueTracker\src\UI\IssueTracker.UI\obj\Debug\net10.0\compressed\gkqy78lw9w-{0}-xdt6q2jvwb-xdt6q2jvwb.gz
         Processing compressed asset: E:\github\IssueTracker\src\UI\IssueTracker.UI\obj\Debug\net10.0\compressed\iziymon70z-{0}-5i6ps0rosc-5i6ps0rosc.gz
         Processing compressed asset: E:\github\IssueTracker\src\UI\IssueTracker.UI\obj\Debug\net10.0\compressed\4d1o7blez5-{0}-vcmu52prus-vcmu52prus.gz
         Processing compressed asset: E:\github\IssueTracker\src\UI\IssueTracker.UI\obj\Debug\net10.0\compressed\l647vub447-{0}-dlszvg16vp-dlszvg16vp.gz
         Processing compressed asset: E:\github\IssueTracker\src\UI\IssueTracker.UI\obj\Debug\net10.0\compressed\fp7uetamp1-{0}-pblx1qaqft-pblx1qaqft.gz
         Processing compressed asset: E:\github\IssueTracker\src\UI\IssueTracker.UI\obj\Debug\net10.0\compressed\s9otf05z8q-{0}-22pb44itlf-22pb44itlf.gz
         Processing compressed asset: E:\github\IssueTracker\src\UI\IssueTracker.UI\obj\Debug\net10.0\compressed\tk49g4xv5u-{0}-eojyebxob9-eojyebxob9.gz
         Processing compressed asset: E:\github\IssueTracker\src\UI\IssueTracker.UI\obj\Debug\net10.0\compressed\umq7d7hlv3-{0}-jk5zm3f7xm-jk5zm3f7xm.gz
         Processing compressed asset: E:\github\IssueTracker\src\UI\IssueTracker.UI\obj\Debug\net10.0\compressed\hhff85vxhh-{0}-d3sdmeizkj-d3sdmeizkj.gz
         Processing compressed asset: E:\github\IssueTracker\src\UI\IssueTracker.UI\obj\Debug\net10.0\compressed\ljz8shcmxy-{0}-67pzas1gr6-67pzas1gr6.gz
         Processing compressed asset: E:\github\IssueTracker\src\UI\IssueTracker.UI\obj\Debug\net10.0\compressed\lajis6h9q2-{0}-x6merli1rk-x6merli1rk.gz
         Processing compressed asset: E:\github\IssueTracker\src\UI\IssueTracker.UI\obj\Debug\net10.0\compressed\tpbz3kwmi1-{0}-ga4l0q48yz-ga4l0q48yz.gz
         Processing compressed asset: E:\github\IssueTracker\src\UI\IssueTracker.UI\obj\Debug\net10.0\compressed\1i7dq2ynh3-{0}-8t46ltlsa8-8t46ltlsa8.gz
         Processing compressed asset: E:\github\IssueTracker\src\UI\IssueTracker.UI\obj\Debug\net10.0\compressed\6o9s175gvo-{0}-q3wen5nb7o-q3wen5nb7o.gz
         Processing compressed asset: E:\github\IssueTracker\src\UI\IssueTracker.UI\obj\Debug\net10.0\compressed\3mkt4spddn-{0}-u4q04qmt9u-u4q04qmt9u.gz
         Processing compressed asset: E:\github\IssueTracker\src\UI\IssueTracker.UI\obj\Debug\net10.0\compressed\vp43n8brm6-{0}-u2vjpqarzi-u2vjpqarzi.gz
         Processing compressed asset: E:\github\IssueTracker\src\UI\IssueTracker.UI\obj\Debug\net10.0\compressed\puhzzxxpds-{0}-796b73bq82-796b73bq82.gz
         Processing compressed asset: E:\github\IssueTracker\src\UI\IssueTracker.UI\obj\Debug\net10.0\compressed\o7ej72sj20-{0}-ixubr9x5ir-ixubr9x5ir.gz
         Processing compressed asset: E:\github\IssueTracker\src\UI\IssueTracker.UI\obj\Debug\net10.0\compressed\e8lwkmfe8l-{0}-kt5bewsrsi-kt5bewsrsi.gz
         Processing compressed asset: E:\github\IssueTracker\src\UI\IssueTracker.UI\obj\Debug\net10.0\compressed\t8kfz0jwhf-{0}-hcyfjztfqi-hcyfjztfqi.gz
         Processing compressed asset: E:\github\IssueTracker\src\UI\IssueTracker.UI\obj\Debug\net10.0\compressed\13w5d5gf1p-{0}-gtdkcacrne-gtdkcacrne.gz
         Processing compressed asset: E:\github\IssueTracker\src\UI\IssueTracker.UI\obj\Debug\net10.0\compressed\c1kki6wrpy-{0}-3qojkf4kj4-3qojkf4kj4.gz
       _BuildCopyStaticWebAssetsPreserveNewest:
       Skipping target "_BuildCopyStaticWebAssetsPreserveNewest" because it has no outputs.
       _CopyOutOfDateSourceItemsToOutputDirectory:
       Skipping target "_CopyOutOfDateSourceItemsToOutputDirectory" because all output files are up-to-date with respect to the input files.
       GenerateBuildDependencyFile:
       Skipping target "GenerateBuildDependencyFile" because all output files are up-to-date with respect to the input files.
       GenerateBuildRuntimeConfigurationFiles:
       Skipping target "GenerateBuildRuntimeConfigurationFiles" because all output files are up-to-date with respect to the input files.
       CopyFilesToOutputDirectory:
         IssueTracker.UI -> E:\github\IssueTracker\src\UI\IssueTracker.UI\bin\Debug\net10.0\IssueTracker.UI.dll
     7>Done Building Project "E:\github\IssueTracker\src\UI\IssueTracker.UI\IssueTracker.UI.csproj" (default targets).
   1:8>Project "E:\github\IssueTracker\tests\Architecture.Tests\Architecture.Tests.csproj" (1:8) is building "E:\github\IssueTracker\src\AppHost\AppHost.csproj" (2:6) on node 6 (default targets).
     2>GenerateTargetFrameworkMonikerAttribute:
       Skipping target "GenerateTargetFrameworkMonikerAttribute" because all output files are up-to-date with respect to the input files.
       CoreGenerateAssemblyInfo:
       Skipping target "CoreGenerateAssemblyInfo" because all output files are up-to-date with respect to the input files.
       _DiscoverMvcApplicationParts:
       Skipping target "_DiscoverMvcApplicationParts" because all output files are up-to-date with respect to the input files.
       _GenerateSourceLinkFile:
         Source Link file 'obj\Debug\net10.0\AppHost.sourcelink.json' is up-to-date.
       CoreCompile:
       Skipping target "CoreCompile" because all output files are up-to-date with respect to the input files.
       _CreateAppHost:
       Skipping target "_CreateAppHost" because all output files are up-to-date with respect to the input files.
       _ProcessScopedCssFiles:
       Skipping target "_ProcessScopedCssFiles" because it has no outputs.
       _ProcessScopedCssFiles:
       Skipping target "_ProcessScopedCssFiles" because it has no outputs.
       ResolveBuildCompressedStaticWebAssetsConfiguration:
         The asset 'E:\github\IssueTracker\src\UI\IssueTracker.UI\obj\Debug\net10.0\compressed\1bnpenmm5d-{0}-ax6tuj8tun-ax6tuj8tun.gz' with related asset 'E:\teqsl\.nuget\packages\microsoft.aspnetcore.app.internal.assets\10.0.3\_framework\blazor.web.js' was detected as already compressed with format 'gzip'.
         The asset 'E:\github\IssueTracker\src\UI\IssueTracker.UI\obj\Debug\net10.0\compressed\1n7ge4ebp9-{0}-8inm30yfxf-8inm30yfxf.gz' with related asset 'E:\github\IssueTracker\src\UI\IssueTracker.UI\wwwroot\css\bootstrap\bootstrap.min.css.map' was detected as already compressed with format 'gzip'.
         The asset 'E:\github\IssueTracker\src\UI\IssueTracker.UI\obj\Debug\net10.0\compressed\4439sqsnwx-{0}-cznkkcjnkf-cznkkcjnkf.gz' with related asset 'E:\github\IssueTracker\src\UI\IssueTracker.UI\obj\Debug\net10.0\scopedcss\bundle\IssueTracker.UI.styles.css' was detected as already compressed with format 'gzip'.
         The asset 'E:\github\IssueTracker\src\UI\IssueTracker.UI\obj\Debug\net10.0\compressed\bguefezk42-{0}-61n19gt1b8-61n19gt1b8.gz' with related asset 'E:\github\IssueTracker\src\UI\IssueTracker.UI\wwwroot\favicon.ico' was detected as already compressed with format 'gzip'.
         The asset 'E:\github\IssueTracker\src\UI\IssueTracker.UI\obj\Debug\net10.0\compressed\ci9inrk3mf-{0}-wk8x8xm0ah-wk8x8xm0ah.gz' with related asset 'E:\github\IssueTracker\src\UI\IssueTracker.UI\wwwroot\css\open-iconic\font\fonts\open-iconic.otf' was detected as already compressed with format 'gzip'.
         The asset 'E:\github\IssueTracker\src\UI\IssueTracker.UI\obj\Debug\net10.0\compressed\cii0y8v3qx-{0}-7o16z5hoe3-7o16z5hoe3.gz' with related asset 'E:\github\IssueTracker\src\UI\IssueTracker.UI\wwwroot\css\bootstrap-overrides.css' was detected as already compressed with format 'gzip'.
         The asset 'E:\github\IssueTracker\src\UI\IssueTracker.UI\obj\Debug\net10.0\compressed\ektsvtfuwz-{0}-9nqenln6t9-9nqenln6t9.gz' with related asset 'E:\github\IssueTracker\src\UI\IssueTracker.UI\wwwroot\css\open-iconic\font\fonts\open-iconic.svg' was detected as already compressed with format 'gzip'.
         The asset 'E:\github\IssueTracker\src\UI\IssueTracker.UI\obj\Debug\net10.0\compressed\ffsbd099hz-{0}-zr4b1gdhaw-zr4b1gdhaw.gz' with related asset 'E:\teqsl\.nuget\packages\microsoft.aspnetcore.app.internal.assets\10.0.3\_framework\blazor.server.js' was detected as already compressed with format 'gzip'.
         The asset 'E:\github\IssueTracker\src\UI\IssueTracker.UI\obj\Debug\net10.0\compressed\g591orehnw-{0}-iu2dydomg3-iu2dydomg3.gz' with related asset 'E:\github\IssueTracker\src\UI\IssueTracker.UI\wwwroot\css\site.css' was detected as already compressed with format 'gzip'.
         The asset 'E:\github\IssueTracker\src\UI\IssueTracker.UI\obj\Debug\net10.0\compressed\ho2smvxme9-{0}-6gzpyzhau4-6gzpyzhau4.gz' with related asset 'E:\github\IssueTracker\src\UI\IssueTracker.UI\wwwroot\css\bootstrap\bootstrap.min.css' was detected as already compressed with format 'gzip'.
         The asset 'E:\github\IssueTracker\src\UI\IssueTracker.UI\obj\Debug\net10.0\compressed\tx2f2th8ua-{0}-cmapd0fi15-cmapd0fi15.gz' with related asset 'E:\github\IssueTracker\src\UI\IssueTracker.UI\wwwroot\css\open-iconic\font\css\open-iconic-bootstrap.min.css' was detected as already compressed with format 'gzip'.
         The asset 'E:\github\IssueTracker\src\UI\IssueTracker.UI\obj\Debug\net10.0\compressed\vv2r2vzgrl-{0}-j4bl9nq21n-j4bl9nq21n.gz' with related asset 'E:\github\IssueTracker\src\UI\IssueTracker.UI\wwwroot\css\open-iconic\README.md' was detected as already compressed with format 'gzip'.
         Accepted compressed asset 'E:\github\IssueTracker\src\AppHost\obj\Debug\net10.0\compressed\c1kki6wrpy-{0}-3qojkf4kj4-3qojkf4kj4.gz' for 'E:\teqsl\.nuget\packages\radzen.blazor\7.3.2\staticwebassets\css\dark.css'.
         Accepted compressed asset 'E:\github\IssueTracker\src\AppHost\obj\Debug\net10.0\compressed\13w5d5gf1p-{0}-gtdkcacrne-gtdkcacrne.gz' for 'E:\teqsl\.nuget\packages\radzen.blazor\7.3.2\staticwebassets\css\dark-base.css'.
         Accepted compressed asset 'E:\github\IssueTracker\src\AppHost\obj\Debug\net10.0\compressed\t8kfz0jwhf-{0}-hcyfjztfqi-hcyfjztfqi.gz' for 'E:\teqsl\.nuget\packages\radzen.blazor\7.3.2\staticwebassets\css\dark-wcag.css'.
         Accepted compressed asset 'E:\github\IssueTracker\src\AppHost\obj\Debug\net10.0\compressed\e8lwkmfe8l-{0}-kt5bewsrsi-kt5bewsrsi.gz' for 'E:\teqsl\.nuget\packages\radzen.blazor\7.3.2\staticwebassets\css\default.css'.
         Accepted compressed asset 'E:\github\IssueTracker\src\AppHost\obj\Debug\net10.0\compressed\o7ej72sj20-{0}-ixubr9x5ir-ixubr9x5ir.gz' for 'E:\teqsl\.nuget\packages\radzen.blazor\7.3.2\staticwebassets\css\default-base.css'.
         Accepted compressed asset 'E:\github\IssueTracker\src\AppHost\obj\Debug\net10.0\compressed\puhzzxxpds-{0}-796b73bq82-796b73bq82.gz' for 'E:\teqsl\.nuget\packages\radzen.blazor\7.3.2\staticwebassets\css\default-wcag.css'.
         Accepted compressed asset 'E:\github\IssueTracker\src\AppHost\obj\Debug\net10.0\compressed\vp43n8brm6-{0}-u2vjpqarzi-u2vjpqarzi.gz' for 'E:\teqsl\.nuget\packages\radzen.blazor\7.3.2\staticwebassets\css\humanistic.css'.
         Accepted compressed asset 'E:\github\IssueTracker\src\AppHost\obj\Debug\net10.0\compressed\3mkt4spddn-{0}-u4q04qmt9u-u4q04qmt9u.gz' for 'E:\teqsl\.nuget\packages\radzen.blazor\7.3.2\staticwebassets\css\humanistic-base.css'.
         Accepted compressed asset 'E:\github\IssueTracker\src\AppHost\obj\Debug\net10.0\compressed\6o9s175gvo-{0}-q3wen5nb7o-q3wen5nb7o.gz' for 'E:\teqsl\.nuget\packages\radzen.blazor\7.3.2\staticwebassets\css\humanistic-dark.css'.
         Accepted compressed asset 'E:\github\IssueTracker\src\AppHost\obj\Debug\net10.0\compressed\1i7dq2ynh3-{0}-8t46ltlsa8-8t46ltlsa8.gz' for 'E:\teqsl\.nuget\packages\radzen.blazor\7.3.2\staticwebassets\css\humanistic-dark-base.css'.
         Accepted compressed asset 'E:\github\IssueTracker\src\AppHost\obj\Debug\net10.0\compressed\tpbz3kwmi1-{0}-ga4l0q48yz-ga4l0q48yz.gz' for 'E:\teqsl\.nuget\packages\radzen.blazor\7.3.2\staticwebassets\css\humanistic-dark-wcag.css'.
         Accepted compressed asset 'E:\github\IssueTracker\src\AppHost\obj\Debug\net10.0\compressed\lajis6h9q2-{0}-x6merli1rk-x6merli1rk.gz' for 'E:\teqsl\.nuget\packages\radzen.blazor\7.3.2\staticwebassets\css\humanistic-wcag.css'.
         Accepted compressed asset 'E:\github\IssueTracker\src\AppHost\obj\Debug\net10.0\compressed\ljz8shcmxy-{0}-67pzas1gr6-67pzas1gr6.gz' for 'E:\teqsl\.nuget\packages\radzen.blazor\7.3.2\staticwebassets\css\material.css'.
         Accepted compressed asset 'E:\github\IssueTracker\src\AppHost\obj\Debug\net10.0\compressed\hhff85vxhh-{0}-d3sdmeizkj-d3sdmeizkj.gz' for 'E:\teqsl\.nuget\packages\radzen.blazor\7.3.2\staticwebassets\css\material-base.css'.
         Accepted compressed asset 'E:\github\IssueTracker\src\AppHost\obj\Debug\net10.0\compressed\umq7d7hlv3-{0}-jk5zm3f7xm-jk5zm3f7xm.gz' for 'E:\teqsl\.nuget\packages\radzen.blazor\7.3.2\staticwebassets\css\material-dark.css'.
         Accepted compressed asset 'E:\github\IssueTracker\src\AppHost\obj\Debug\net10.0\compressed\tk49g4xv5u-{0}-eojyebxob9-eojyebxob9.gz' for 'E:\teqsl\.nuget\packages\radzen.blazor\7.3.2\staticwebassets\css\material-dark-base.css'.
         Accepted compressed asset 'E:\github\IssueTracker\src\AppHost\obj\Debug\net10.0\compressed\s9otf05z8q-{0}-22pb44itlf-22pb44itlf.gz' for 'E:\teqsl\.nuget\packages\radzen.blazor\7.3.2\staticwebassets\css\material-dark-wcag.css'.
         Accepted compressed asset 'E:\github\IssueTracker\src\AppHost\obj\Debug\net10.0\compressed\fp7uetamp1-{0}-pblx1qaqft-pblx1qaqft.gz' for 'E:\teqsl\.nuget\packages\radzen.blazor\7.3.2\staticwebassets\css\material-wcag.css'.
         Accepted compressed asset 'E:\github\IssueTracker\src\AppHost\obj\Debug\net10.0\compressed\l647vub447-{0}-dlszvg16vp-dlszvg16vp.gz' for 'E:\teqsl\.nuget\packages\radzen.blazor\7.3.2\staticwebassets\css\math.css'.
         Accepted compressed asset 'E:\github\IssueTracker\src\AppHost\obj\Debug\net10.0\compressed\4d1o7blez5-{0}-vcmu52prus-vcmu52prus.gz' for 'E:\teqsl\.nuget\packages\radzen.blazor\7.3.2\staticwebassets\css\software.css'.
         Accepted compressed asset 'E:\github\IssueTracker\src\AppHost\obj\Debug\net10.0\compressed\iziymon70z-{0}-5i6ps0rosc-5i6ps0rosc.gz' for 'E:\teqsl\.nuget\packages\radzen.blazor\7.3.2\staticwebassets\css\software-base.css'.
         Accepted compressed asset 'E:\github\IssueTracker\src\AppHost\obj\Debug\net10.0\compressed\gkqy78lw9w-{0}-xdt6q2jvwb-xdt6q2jvwb.gz' for 'E:\teqsl\.nuget\packages\radzen.blazor\7.3.2\staticwebassets\css\software-dark.css'.
         Accepted compressed asset 'E:\github\IssueTracker\src\AppHost\obj\Debug\net10.0\compressed\63oc1n27oy-{0}-kphlb6w2sr-kphlb6w2sr.gz' for 'E:\teqsl\.nuget\packages\radzen.blazor\7.3.2\staticwebassets\css\software-dark-base.css'.
         Accepted compressed asset 'E:\github\IssueTracker\src\AppHost\obj\Debug\net10.0\compressed\hzxay3wjwu-{0}-c3ehngmwzo-c3ehngmwzo.gz' for 'E:\teqsl\.nuget\packages\radzen.blazor\7.3.2\staticwebassets\css\software-dark-wcag.css'.
         Accepted compressed asset 'E:\github\IssueTracker\src\AppHost\obj\Debug\net10.0\compressed\4tfzvf9qks-{0}-9fpk6led9e-9fpk6led9e.gz' for 'E:\teqsl\.nuget\packages\radzen.blazor\7.3.2\staticwebassets\css\software-wcag.css'.
         Accepted compressed asset 'E:\github\IssueTracker\src\AppHost\obj\Debug\net10.0\compressed\pzoc9euazt-{0}-gwy5aq4vee-gwy5aq4vee.gz' for 'E:\teqsl\.nuget\packages\radzen.blazor\7.3.2\staticwebassets\css\standard.css'.
         Accepted compressed asset 'E:\github\IssueTracker\src\AppHost\obj\Debug\net10.0\compressed\a9qr3lfjcz-{0}-uro21o3h9i-uro21o3h9i.gz' for 'E:\teqsl\.nuget\packages\radzen.blazor\7.3.2\staticwebassets\css\standard-base.css'.
         Accepted compressed asset 'E:\github\IssueTracker\src\AppHost\obj\Debug\net10.0\compressed\6crp8u0vy1-{0}-di8r2dbcua-di8r2dbcua.gz' for 'E:\teqsl\.nuget\packages\radzen.blazor\7.3.2\staticwebassets\css\standard-dark.css'.
         Accepted compressed asset 'E:\github\IssueTracker\src\AppHost\obj\Debug\net10.0\compressed\tyl999z8ld-{0}-4mha01j154-4mha01j154.gz' for 'E:\teqsl\.nuget\packages\radzen.blazor\7.3.2\staticwebassets\css\standard-dark-base.css'.
         Accepted compressed asset 'E:\github\IssueTracker\src\AppHost\obj\Debug\net10.0\compressed\r9w1mufl9l-{0}-7bt2cgjiuc-7bt2cgjiuc.gz' for 'E:\teqsl\.nuget\packages\radzen.blazor\7.3.2\staticwebassets\css\standard-dark-wcag.css'.
         Accepted compressed asset 'E:\github\IssueTracker\src\AppHost\obj\Debug\net10.0\compressed\i1901ftr2x-{0}-kp0ueqs315-kp0ueqs315.gz' for 'E:\teqsl\.nuget\packages\radzen.blazor\7.3.2\staticwebassets\css\standard-wcag.css'.
         Accepted compressed asset 'E:\github\IssueTracker\src\AppHost\obj\Debug\net10.0\compressed\6xb9o06z95-{0}-9m4ex6rt0m-9m4ex6rt0m.gz' for 'E:\teqsl\.nuget\packages\radzen.blazor\7.3.2\staticwebassets\Radzen.Blazor.js'.
         Accepted compressed asset 'E:\github\IssueTracker\src\AppHost\obj\Debug\net10.0\compressed\t2tvocn0z4-{0}-zc73wystbx-zc73wystbx.gz' for 'E:\teqsl\.nuget\packages\radzen.blazor\7.3.2\staticwebassets\Radzen.Blazor.min.js'.
         Ignoring asset 'E:\github\IssueTracker\src\UI\IssueTracker.UI\obj\Debug\net10.0\scopedcss\bundle\IssueTracker.UI.styles.css' because it was already resolved with format 'gzip'.
         Ignoring asset 'E:\github\IssueTracker\src\UI\IssueTracker.UI\wwwroot\css\bootstrap-overrides.css' because it was already resolved with format 'gzip'.
         Ignoring asset 'E:\github\IssueTracker\src\UI\IssueTracker.UI\wwwroot\css\bootstrap\bootstrap.min.css' because it was already resolved with format 'gzip'.
         Ignoring asset 'E:\github\IssueTracker\src\UI\IssueTracker.UI\wwwroot\css\bootstrap\bootstrap.min.css.map' because it was already resolved with format 'gzip'.
         Ignoring asset 'E:\github\IssueTracker\src\UI\IssueTracker.UI\wwwroot\css\open-iconic\README.md' because it was already resolved with format 'gzip'.
         Ignoring asset 'E:\github\IssueTracker\src\UI\IssueTracker.UI\wwwroot\css\open-iconic\font\css\open-iconic-bootstrap.min.css' because it was already resolved with format 'gzip'.
         Ignoring asset 'E:\github\IssueTracker\src\UI\IssueTracker.UI\wwwroot\css\open-iconic\font\fonts\open-iconic.otf' because it was already resolved with format 'gzip'.
         Ignoring asset 'E:\github\IssueTracker\src\UI\IssueTracker.UI\wwwroot\css\open-iconic\font\fonts\open-iconic.svg' because it was already resolved with format 'gzip'.
         Ignoring asset 'E:\github\IssueTracker\src\UI\IssueTracker.UI\wwwroot\css\site.css' because it was already resolved with format 'gzip'.
         Ignoring asset 'E:\github\IssueTracker\src\UI\IssueTracker.UI\wwwroot\favicon.ico' because it was already resolved with format 'gzip'.
         Ignoring asset 'E:\teqsl\.nuget\packages\microsoft.aspnetcore.app.internal.assets\10.0.3\_framework\blazor.server.js' because it was already resolved with format 'gzip'.
         Ignoring asset 'E:\teqsl\.nuget\packages\microsoft.aspnetcore.app.internal.assets\10.0.3\_framework\blazor.web.js' because it was already resolved with format 'gzip'.
         Resolved 33 compressed assets for 45 candidate assets.
       ResolveBuildCompressedStaticWebAssets:
         Processing compressed asset: E:\github\IssueTracker\src\UI\IssueTracker.UI\obj\Debug\net10.0\compressed\1bnpenmm5d-{0}-ax6tuj8tun-ax6tuj8tun.gz
         Processing compressed asset: E:\github\IssueTracker\src\UI\IssueTracker.UI\obj\Debug\net10.0\compressed\1n7ge4ebp9-{0}-8inm30yfxf-8inm30yfxf.gz
         Processing compressed asset: E:\github\IssueTracker\src\UI\IssueTracker.UI\obj\Debug\net10.0\compressed\4439sqsnwx-{0}-cznkkcjnkf-cznkkcjnkf.gz
         Processing compressed asset: E:\github\IssueTracker\src\UI\IssueTracker.UI\obj\Debug\net10.0\compressed\bguefezk42-{0}-61n19gt1b8-61n19gt1b8.gz
         Processing compressed asset: E:\github\IssueTracker\src\UI\IssueTracker.UI\obj\Debug\net10.0\compressed\ci9inrk3mf-{0}-wk8x8xm0ah-wk8x8xm0ah.gz
         Processing compressed asset: E:\github\IssueTracker\src\UI\IssueTracker.UI\obj\Debug\net10.0\compressed\cii0y8v3qx-{0}-7o16z5hoe3-7o16z5hoe3.gz
         Processing compressed asset: E:\github\IssueTracker\src\UI\IssueTracker.UI\obj\Debug\net10.0\compressed\ektsvtfuwz-{0}-9nqenln6t9-9nqenln6t9.gz
         Processing compressed asset: E:\github\IssueTracker\src\UI\IssueTracker.UI\obj\Debug\net10.0\compressed\ffsbd099hz-{0}-zr4b1gdhaw-zr4b1gdhaw.gz
         Processing compressed asset: E:\github\IssueTracker\src\UI\IssueTracker.UI\obj\Debug\net10.0\compressed\g591orehnw-{0}-iu2dydomg3-iu2dydomg3.gz
         Processing compressed asset: E:\github\IssueTracker\src\UI\IssueTracker.UI\obj\Debug\net10.0\compressed\ho2smvxme9-{0}-6gzpyzhau4-6gzpyzhau4.gz
         Processing compressed asset: E:\github\IssueTracker\src\UI\IssueTracker.UI\obj\Debug\net10.0\compressed\tx2f2th8ua-{0}-cmapd0fi15-cmapd0fi15.gz
         Processing compressed asset: E:\github\IssueTracker\src\UI\IssueTracker.UI\obj\Debug\net10.0\compressed\vv2r2vzgrl-{0}-j4bl9nq21n-j4bl9nq21n.gz
         Processing compressed asset: E:\github\IssueTracker\src\AppHost\obj\Debug\net10.0\compressed\c1kki6wrpy-{0}-3qojkf4kj4-3qojkf4kj4.gz
         Processing compressed asset: E:\github\IssueTracker\src\AppHost\obj\Debug\net10.0\compressed\13w5d5gf1p-{0}-gtdkcacrne-gtdkcacrne.gz
         Processing compressed asset: E:\github\IssueTracker\src\AppHost\obj\Debug\net10.0\compressed\t8kfz0jwhf-{0}-hcyfjztfqi-hcyfjztfqi.gz
         Processing compressed asset: E:\github\IssueTracker\src\AppHost\obj\Debug\net10.0\compressed\e8lwkmfe8l-{0}-kt5bewsrsi-kt5bewsrsi.gz
         Processing compressed asset: E:\github\IssueTracker\src\AppHost\obj\Debug\net10.0\compressed\o7ej72sj20-{0}-ixubr9x5ir-ixubr9x5ir.gz
         Processing compressed asset: E:\github\IssueTracker\src\AppHost\obj\Debug\net10.0\compressed\puhzzxxpds-{0}-796b73bq82-796b73bq82.gz
         Processing compressed asset: E:\github\IssueTracker\src\AppHost\obj\Debug\net10.0\compressed\vp43n8brm6-{0}-u2vjpqarzi-u2vjpqarzi.gz
         Processing compressed asset: E:\github\IssueTracker\src\AppHost\obj\Debug\net10.0\compressed\3mkt4spddn-{0}-u4q04qmt9u-u4q04qmt9u.gz
         Processing compressed asset: E:\github\IssueTracker\src\AppHost\obj\Debug\net10.0\compressed\6o9s175gvo-{0}-q3wen5nb7o-q3wen5nb7o.gz
         Processing compressed asset: E:\github\IssueTracker\src\AppHost\obj\Debug\net10.0\compressed\1i7dq2ynh3-{0}-8t46ltlsa8-8t46ltlsa8.gz
         Processing compressed asset: E:\github\IssueTracker\src\AppHost\obj\Debug\net10.0\compressed\tpbz3kwmi1-{0}-ga4l0q48yz-ga4l0q48yz.gz
         Processing compressed asset: E:\github\IssueTracker\src\AppHost\obj\Debug\net10.0\compressed\lajis6h9q2-{0}-x6merli1rk-x6merli1rk.gz
         Processing compressed asset: E:\github\IssueTracker\src\AppHost\obj\Debug\net10.0\compressed\ljz8shcmxy-{0}-67pzas1gr6-67pzas1gr6.gz
         Processing compressed asset: E:\github\IssueTracker\src\AppHost\obj\Debug\net10.0\compressed\hhff85vxhh-{0}-d3sdmeizkj-d3sdmeizkj.gz
         Processing compressed asset: E:\github\IssueTracker\src\AppHost\obj\Debug\net10.0\compressed\umq7d7hlv3-{0}-jk5zm3f7xm-jk5zm3f7xm.gz
         Processing compressed asset: E:\github\IssueTracker\src\AppHost\obj\Debug\net10.0\compressed\tk49g4xv5u-{0}-eojyebxob9-eojyebxob9.gz
         Processing compressed asset: E:\github\IssueTracker\src\AppHost\obj\Debug\net10.0\compressed\s9otf05z8q-{0}-22pb44itlf-22pb44itlf.gz
         Processing compressed asset: E:\github\IssueTracker\src\AppHost\obj\Debug\net10.0\compressed\fp7uetamp1-{0}-pblx1qaqft-pblx1qaqft.gz
         Processing compressed asset: E:\github\IssueTracker\src\AppHost\obj\Debug\net10.0\compressed\l647vub447-{0}-dlszvg16vp-dlszvg16vp.gz
         Processing compressed asset: E:\github\IssueTracker\src\AppHost\obj\Debug\net10.0\compressed\4d1o7blez5-{0}-vcmu52prus-vcmu52prus.gz
         Processing compressed asset: E:\github\IssueTracker\src\AppHost\obj\Debug\net10.0\compressed\iziymon70z-{0}-5i6ps0rosc-5i6ps0rosc.gz
         Processing compressed asset: E:\github\IssueTracker\src\AppHost\obj\Debug\net10.0\compressed\gkqy78lw9w-{0}-xdt6q2jvwb-xdt6q2jvwb.gz
         Processing compressed asset: E:\github\IssueTracker\src\AppHost\obj\Debug\net10.0\compressed\63oc1n27oy-{0}-kphlb6w2sr-kphlb6w2sr.gz
         Processing compressed asset: E:\github\IssueTracker\src\AppHost\obj\Debug\net10.0\compressed\hzxay3wjwu-{0}-c3ehngmwzo-c3ehngmwzo.gz
         Processing compressed asset: E:\github\IssueTracker\src\AppHost\obj\Debug\net10.0\compressed\4tfzvf9qks-{0}-9fpk6led9e-9fpk6led9e.gz
         Processing compressed asset: E:\github\IssueTracker\src\AppHost\obj\Debug\net10.0\compressed\pzoc9euazt-{0}-gwy5aq4vee-gwy5aq4vee.gz
         Processing compressed asset: E:\github\IssueTracker\src\AppHost\obj\Debug\net10.0\compressed\a9qr3lfjcz-{0}-uro21o3h9i-uro21o3h9i.gz
         Processing compressed asset: E:\github\IssueTracker\src\AppHost\obj\Debug\net10.0\compressed\6crp8u0vy1-{0}-di8r2dbcua-di8r2dbcua.gz
         Processing compressed asset: E:\github\IssueTracker\src\AppHost\obj\Debug\net10.0\compressed\tyl999z8ld-{0}-4mha01j154-4mha01j154.gz
         Processing compressed asset: E:\github\IssueTracker\src\AppHost\obj\Debug\net10.0\compressed\r9w1mufl9l-{0}-7bt2cgjiuc-7bt2cgjiuc.gz
         Processing compressed asset: E:\github\IssueTracker\src\AppHost\obj\Debug\net10.0\compressed\i1901ftr2x-{0}-kp0ueqs315-kp0ueqs315.gz
         Processing compressed asset: E:\github\IssueTracker\src\AppHost\obj\Debug\net10.0\compressed\6xb9o06z95-{0}-9m4ex6rt0m-9m4ex6rt0m.gz
         Processing compressed asset: E:\github\IssueTracker\src\AppHost\obj\Debug\net10.0\compressed\t2tvocn0z4-{0}-zc73wystbx-zc73wystbx.gz
       _BuildCopyStaticWebAssetsPreserveNewest:
       Skipping target "_BuildCopyStaticWebAssetsPreserveNewest" because it has no outputs.
       _CopyOutOfDateSourceItemsToOutputDirectory:
       Skipping target "_CopyOutOfDateSourceItemsToOutputDirectory" because all output files are up-to-date with respect to the input files.
       GenerateBuildDependencyFile:
       Skipping target "GenerateBuildDependencyFile" because all output files are up-to-date with respect to the input files.
       GenerateBuildRuntimeConfigurationFiles:
       Skipping target "GenerateBuildRuntimeConfigurationFiles" because all output files are up-to-date with respect to the input files.
       CopyFilesToOutputDirectory:
         AppHost -> E:\github\IssueTracker\src\AppHost\bin\Debug\net10.0\AppHost.dll
     2>Done Building Project "E:\github\IssueTracker\src\AppHost\AppHost.csproj" (default targets).
     1>GenerateTargetFrameworkMonikerAttribute:
       Skipping target "GenerateTargetFrameworkMonikerAttribute" because all output files are up-to-date with respect to the input files.
       CoreGenerateAssemblyInfo:
       Skipping target "CoreGenerateAssemblyInfo" because all output files are up-to-date with respect to the input files.
       _GenerateSourceLinkFile:
         Source Link file 'obj\Debug\net10.0\Architecture.Tests.sourcelink.json' is up-to-date.
       CoreCompile:
       Skipping target "CoreCompile" because all output files are up-to-date with respect to the input files.
       _CreateAppHost:
       Skipping target "_CreateAppHost" because all output files are up-to-date with respect to the input files.
       _CopyOutOfDateSourceItemsToOutputDirectory:
       Skipping target "_CopyOutOfDateSourceItemsToOutputDirectory" because all output files are up-to-date with respect to the input files.
       GenerateBuildDependencyFile:
       Skipping target "GenerateBuildDependencyFile" because all output files are up-to-date with respect to the input files.
       GenerateBuildRuntimeConfigurationFiles:
       Skipping target "GenerateBuildRuntimeConfigurationFiles" because all output files are up-to-date with respect to the input files.
       CopyFilesToOutputDirectory:
         Architecture.Tests -> E:\github\IssueTracker\tests\Architecture.Tests\bin\Debug\net10.0\Architecture.Tests.dll
     1>Done Building Project "E:\github\IssueTracker\tests\Architecture.Tests\Architecture.Tests.csproj" (default targets).
     1>BuildProject:
         Build completed.
         
Test run for E:\github\IssueTracker\tests\Architecture.Tests\bin\Debug\net10.0\Architecture.Tests.dll (.NETCoreApp,Version=v10.0)
VSTest version 18.0.1 (x64)

Starting test execution, please wait...
A total of 1 test files matched the specified pattern.
[xUnit.net 00:00:00.00] xUnit.net VSTest Adapter v3.1.4+50e68bbb8b (64-bit .NET 10.0.3)
[xUnit.net 00:00:00.31]   Discovering: Architecture.Tests
[xUnit.net 00:00:00.47]   Discovered:  Architecture.Tests
[xUnit.net 00:00:00.53]   Starting:    Architecture.Tests
[xUnit.net 00:00:00.94]       Expected result.IsSuccessful to be True, but found False.
[xUnit.net 00:00:00.94]     IssueTracker.Architecture.ArchitectureTests.UI_ShouldNotDependOnBusinessLayer [FAIL]
[xUnit.net 00:00:00.94]       Stack Trace:
[xUnit.net 00:00:00.94]            at FluentAssertions.Execution.LateBoundTestFramework.Throw(String message)
[xUnit.net 00:00:00.94]            at FluentAssertions.Execution.TestFrameworkProvider.Throw(String message)
[xUnit.net 00:00:00.94]            at FluentAssertions.Execution.DefaultAssertionStrategy.HandleFailure(String message)
[xUnit.net 00:00:00.94]            at FluentAssertions.Execution.AssertionScope.FailWith(Func`1 failReasonFunc)
[xUnit.net 00:00:00.94]            at FluentAssertions.Execution.AssertionScope.FailWith(Func`1 failReasonFunc)
[xUnit.net 00:00:00.94]            at FluentAssertions.Execution.AssertionScope.FailWith(String message, Object[] args)
[xUnit.net 00:00:00.94]            at FluentAssertions.Primitives.BooleanAssertions`1.BeTrue(String because, Object[] becauseArgs)
[xUnit.net 00:00:00.94]         E:\github\IssueTracker\tests\Architecture.Tests\ArchitectureTests.cs(36,0): at IssueTracker.Architecture.ArchitectureTests.UI_ShouldNotDependOnBusinessLayer()
[xUnit.net 00:00:00.94]            at System.Reflection.MethodBaseInvoker.InterpretedInvoke_Method(Object obj, IntPtr* args)
[xUnit.net 00:00:00.94]            at System.Reflection.MethodBaseInvoker.InvokeWithNoArgs(Object obj, BindingFlags invokeAttr)
[xUnit.net 00:00:00.96]   Finished:    Architecture.Tests
  Passed IssueTracker.Architecture.ArchitectureTests.NoProject_ShouldDirectlyReferenceAppHost [176 ms]
  Failed IssueTracker.Architecture.ArchitectureTests.UI_ShouldNotDependOnBusinessLayer [177 ms]
  Error Message:
   Expected result.IsSuccessful to be True, but found False.
  Stack Trace:
     at FluentAssertions.Execution.LateBoundTestFramework.Throw(String message)
   at FluentAssertions.Execution.TestFrameworkProvider.Throw(String message)
   at FluentAssertions.Execution.DefaultAssertionStrategy.HandleFailure(String message)
   at FluentAssertions.Execution.AssertionScope.FailWith(Func`1 failReasonFunc)
   at FluentAssertions.Execution.AssertionScope.FailWith(Func`1 failReasonFunc)
   at FluentAssertions.Execution.AssertionScope.FailWith(String message, Object[] args)
   at FluentAssertions.Primitives.BooleanAssertions`1.BeTrue(String because, Object[] becauseArgs)
   at IssueTracker.Architecture.ArchitectureTests.UI_ShouldNotDependOnBusinessLayer() in E:\github\IssueTracker\tests\Architecture.Tests\ArchitectureTests.cs:line 36
   at System.Reflection.MethodBaseInvoker.InterpretedInvoke_Method(Object obj, IntPtr* args)
   at System.Reflection.MethodBaseInvoker.InvokeWithNoArgs(Object obj, BindingFlags invokeAttr)
  Passed IssueTracker.Architecture.ArchitectureTests.AppHost_MustNotBeReferencedByOtherProjects [1 ms]
  Passed IssueTracker.Architecture.ArchitectureTests.ServiceDefaults_MustHaveNoCircularDependencies [23 ms]

Test Run Failed.
Total tests: 4
     Passed: 3
     Failed: 1
 Total time: 3.0072 Seconds
       _VSTestConsole:
         MSB4181: The "VSTestTask" task returned false but did not log an error.
     1>Done Building Project "E:\github\IssueTracker\tests\Architecture.Tests\Architecture.Tests.csproj" (VSTest target(s)) -- FAILED.

Build FAILED.
    0 Warning(s)
    0 Error(s)

Time Elapsed 00:00:15.52
